------------------------------------------------------------
TimeQuest Timing Analyzer Summary
------------------------------------------------------------

Type  : Slow 1200mV 85C Model Setup 'inst|altpll_component|auto_generated|pll1|clk[0]'
Slack : -9.940
TNS   : -187.626

Type  : Slow 1200mV 85C Model Setup 'pipe_one:inst3|pipe_x_pos[10]'
Slack : -3.460
TNS   : -18.192

Type  : Slow 1200mV 85C Model Setup 'VGA_SYNC:inst15|vert_sync_out'
Slack : -3.063
TNS   : -121.823

Type  : Slow 1200mV 85C Model Setup 'MOUSE:inst8|MOUSE_CLK_FILTER'
Slack : -2.248
TNS   : -48.893

Type  : Slow 1200mV 85C Model Setup 'VGA_SYNC:inst15|pixel_column[0]'
Slack : -2.160
TNS   : -31.977

Type  : Slow 1200mV 85C Model Hold 'VGA_SYNC:inst15|pixel_column[0]'
Slack : -6.292
TNS   : -83.243

Type  : Slow 1200mV 85C Model Hold 'VGA_SYNC:inst15|vert_sync_out'
Slack : -1.885
TNS   : -11.085

Type  : Slow 1200mV 85C Model Hold 'pipe_one:inst3|pipe_x_pos[10]'
Slack : -1.578
TNS   : -3.768

Type  : Slow 1200mV 85C Model Hold 'inst|altpll_component|auto_generated|pll1|clk[0]'
Slack : -0.186
TNS   : -0.186

Type  : Slow 1200mV 85C Model Hold 'MOUSE:inst8|MOUSE_CLK_FILTER'
Slack : 0.114
TNS   : 0.000

Type  : Slow 1200mV 85C Model Recovery 'VGA_SYNC:inst15|vert_sync_out'
Slack : -4.090
TNS   : -122.543

Type  : Slow 1200mV 85C Model Recovery 'pipe_one:inst3|pipe_x_pos[10]'
Slack : -0.604
TNS   : -3.804

Type  : Slow 1200mV 85C Model Recovery 'MOUSE:inst8|MOUSE_CLK_FILTER'
Slack : -0.063
TNS   : -1.007

Type  : Slow 1200mV 85C Model Removal 'VGA_SYNC:inst15|vert_sync_out'
Slack : -1.292
TNS   : -8.987

Type  : Slow 1200mV 85C Model Removal 'pipe_one:inst3|pipe_x_pos[10]'
Slack : -0.970
TNS   : -4.632

Type  : Slow 1200mV 85C Model Removal 'MOUSE:inst8|MOUSE_CLK_FILTER'
Slack : 0.072
TNS   : 0.000

Type  : Slow 1200mV 85C Model Minimum Pulse Width 'VGA_SYNC:inst15|pixel_column[0]'
Slack : -3.211
TNS   : -233.306

Type  : Slow 1200mV 85C Model Minimum Pulse Width 'VGA_SYNC:inst15|vert_sync_out'
Slack : -1.000
TNS   : -68.000

Type  : Slow 1200mV 85C Model Minimum Pulse Width 'MOUSE:inst8|MOUSE_CLK_FILTER'
Slack : -1.000
TNS   : -35.000

Type  : Slow 1200mV 85C Model Minimum Pulse Width 'pipe_one:inst3|pipe_x_pos[10]'
Slack : -1.000
TNS   : -14.000

Type  : Slow 1200mV 85C Model Minimum Pulse Width 'Clock'
Slack : 9.825
TNS   : 0.000

Type  : Slow 1200mV 85C Model Minimum Pulse Width 'inst|altpll_component|auto_generated|pll1|clk[0]'
Slack : 19.733
TNS   : 0.000

Type  : Slow 1200mV 0C Model Setup 'inst|altpll_component|auto_generated|pll1|clk[0]'
Slack : -8.710
TNS   : -163.733

Type  : Slow 1200mV 0C Model Setup 'pipe_one:inst3|pipe_x_pos[10]'
Slack : -3.002
TNS   : -14.767

Type  : Slow 1200mV 0C Model Setup 'VGA_SYNC:inst15|vert_sync_out'
Slack : -2.615
TNS   : -102.852

Type  : Slow 1200mV 0C Model Setup 'VGA_SYNC:inst15|pixel_column[0]'
Slack : -2.017
TNS   : -29.658

Type  : Slow 1200mV 0C Model Setup 'MOUSE:inst8|MOUSE_CLK_FILTER'
Slack : -1.911
TNS   : -41.077

Type  : Slow 1200mV 0C Model Hold 'VGA_SYNC:inst15|pixel_column[0]'
Slack : -5.535
TNS   : -72.963

Type  : Slow 1200mV 0C Model Hold 'VGA_SYNC:inst15|vert_sync_out'
Slack : -1.708
TNS   : -9.212

Type  : Slow 1200mV 0C Model Hold 'pipe_one:inst3|pipe_x_pos[10]'
Slack : -1.281
TNS   : -2.319

Type  : Slow 1200mV 0C Model Hold 'inst|altpll_component|auto_generated|pll1|clk[0]'
Slack : -0.293
TNS   : -0.293

Type  : Slow 1200mV 0C Model Hold 'MOUSE:inst8|MOUSE_CLK_FILTER'
Slack : 0.312
TNS   : 0.000

Type  : Slow 1200mV 0C Model Recovery 'VGA_SYNC:inst15|vert_sync_out'
Slack : -3.569
TNS   : -106.362

Type  : Slow 1200mV 0C Model Recovery 'pipe_one:inst3|pipe_x_pos[10]'
Slack : -0.439
TNS   : -2.723

Type  : Slow 1200mV 0C Model Recovery 'MOUSE:inst8|MOUSE_CLK_FILTER'
Slack : -0.144
TNS   : -2.302

Type  : Slow 1200mV 0C Model Removal 'VGA_SYNC:inst15|vert_sync_out'
Slack : -1.037
TNS   : -7.208

Type  : Slow 1200mV 0C Model Removal 'pipe_one:inst3|pipe_x_pos[10]'
Slack : -0.747
TNS   : -3.051

Type  : Slow 1200mV 0C Model Removal 'MOUSE:inst8|MOUSE_CLK_FILTER'
Slack : 0.272
TNS   : 0.000

Type  : Slow 1200mV 0C Model Minimum Pulse Width 'VGA_SYNC:inst15|pixel_column[0]'
Slack : -2.856
TNS   : -206.058

Type  : Slow 1200mV 0C Model Minimum Pulse Width 'VGA_SYNC:inst15|vert_sync_out'
Slack : -1.000
TNS   : -68.000

Type  : Slow 1200mV 0C Model Minimum Pulse Width 'MOUSE:inst8|MOUSE_CLK_FILTER'
Slack : -1.000
TNS   : -35.000

Type  : Slow 1200mV 0C Model Minimum Pulse Width 'pipe_one:inst3|pipe_x_pos[10]'
Slack : -1.000
TNS   : -14.000

Type  : Slow 1200mV 0C Model Minimum Pulse Width 'Clock'
Slack : 9.785
TNS   : 0.000

Type  : Slow 1200mV 0C Model Minimum Pulse Width 'inst|altpll_component|auto_generated|pll1|clk[0]'
Slack : 19.739
TNS   : 0.000

Type  : Fast 1200mV 0C Model Setup 'inst|altpll_component|auto_generated|pll1|clk[0]'
Slack : -5.315
TNS   : -99.326

Type  : Fast 1200mV 0C Model Setup 'pipe_one:inst3|pipe_x_pos[10]'
Slack : -1.535
TNS   : -4.821

Type  : Fast 1200mV 0C Model Setup 'VGA_SYNC:inst15|vert_sync_out'
Slack : -1.370
TNS   : -43.024

Type  : Fast 1200mV 0C Model Setup 'MOUSE:inst8|MOUSE_CLK_FILTER'
Slack : -0.893
TNS   : -11.818

Type  : Fast 1200mV 0C Model Setup 'VGA_SYNC:inst15|pixel_column[0]'
Slack : -0.859
TNS   : -12.380

Type  : Fast 1200mV 0C Model Hold 'VGA_SYNC:inst15|pixel_column[0]'
Slack : -3.716
TNS   : -49.491

Type  : Fast 1200mV 0C Model Hold 'VGA_SYNC:inst15|vert_sync_out'
Slack : -1.162
TNS   : -9.699

Type  : Fast 1200mV 0C Model Hold 'pipe_one:inst3|pipe_x_pos[10]'
Slack : -1.014
TNS   : -2.876

Type  : Fast 1200mV 0C Model Hold 'inst|altpll_component|auto_generated|pll1|clk[0]'
Slack : -0.137
TNS   : -0.137

Type  : Fast 1200mV 0C Model Hold 'MOUSE:inst8|MOUSE_CLK_FILTER'
Slack : 0.114
TNS   : 0.000

Type  : Fast 1200mV 0C Model Recovery 'VGA_SYNC:inst15|vert_sync_out'
Slack : -1.907
TNS   : -53.597

Type  : Fast 1200mV 0C Model Recovery 'pipe_one:inst3|pipe_x_pos[10]'
Slack : 0.096
TNS   : 0.000

Type  : Fast 1200mV 0C Model Recovery 'MOUSE:inst8|MOUSE_CLK_FILTER'
Slack : 0.155
TNS   : 0.000

Type  : Fast 1200mV 0C Model Removal 'VGA_SYNC:inst15|vert_sync_out'
Slack : -0.908
TNS   : -6.665

Type  : Fast 1200mV 0C Model Removal 'pipe_one:inst3|pipe_x_pos[10]'
Slack : -0.606
TNS   : -3.310

Type  : Fast 1200mV 0C Model Removal 'MOUSE:inst8|MOUSE_CLK_FILTER'
Slack : 0.106
TNS   : 0.000

Type  : Fast 1200mV 0C Model Minimum Pulse Width 'VGA_SYNC:inst15|pixel_column[0]'
Slack : -1.709
TNS   : -106.478

Type  : Fast 1200mV 0C Model Minimum Pulse Width 'VGA_SYNC:inst15|vert_sync_out'
Slack : -1.000
TNS   : -68.000

Type  : Fast 1200mV 0C Model Minimum Pulse Width 'MOUSE:inst8|MOUSE_CLK_FILTER'
Slack : -1.000
TNS   : -35.000

Type  : Fast 1200mV 0C Model Minimum Pulse Width 'pipe_one:inst3|pipe_x_pos[10]'
Slack : -1.000
TNS   : -14.000

Type  : Fast 1200mV 0C Model Minimum Pulse Width 'Clock'
Slack : 9.585
TNS   : 0.000

Type  : Fast 1200mV 0C Model Minimum Pulse Width 'inst|altpll_component|auto_generated|pll1|clk[0]'
Slack : 19.746
TNS   : 0.000

------------------------------------------------------------
